// Vitest Snapshot v1, https://vitest.dev/guide/snapshot.html

exports[`DatePicker > button should render 1`] = `
<div>
  <button
    aria-controls="radix-:r0:"
    aria-expanded="false"
    aria-haspopup="dialog"
    class="inline-flex items-center justify-center whitespace-nowrap rounded-md text-sm ring-offset-background transition-colors focus-visible:outline-none focus-visible:ring-2 focus-visible:ring-ring focus-visible:ring-offset-2 disabled:pointer-events-none disabled:opacity-50 border border-input bg-background hover:bg-accent hover:text-accent-foreground h-10 px-4 py-2 w-[240px] pl-3 text-left font-normal"
    data-state="closed"
    type="button"
  >
    August 17th, 2024
    <svg
      class="lucide lucide-calendar ml-auto h-4 w-4 opacity-50"
      fill="none"
      height="24"
      stroke="currentColor"
      stroke-linecap="round"
      stroke-linejoin="round"
      stroke-width="2"
      viewBox="0 0 24 24"
      width="24"
      xmlns="http://www.w3.org/2000/svg"
    >
      <path
        d="M8 2v4"
      />
      <path
        d="M16 2v4"
      />
      <rect
        height="18"
        rx="2"
        width="18"
        x="3"
        y="4"
      />
      <path
        d="M3 10h18"
      />
    </svg>
  </button>
</div>
`;

exports[`DatePicker > popover should render 1`] = `
<div
  class="rdp p-3"
  data-testid="date-picker-calendar"
>
  <div
    class="flex flex-col sm:flex-row space-y-4 sm:space-x-4 sm:space-y-0"
  >
    <div
      class="space-y-4 rdp-caption_start rdp-caption_end"
    >
      <div
        class="flex justify-center pt-1 relative items-center"
      >
        <div
          aria-live="polite"
          class="text-sm font-medium"
          id="react-day-picker-1"
          role="presentation"
        >
          August 2024
        </div>
        <div
          class="space-x-1 flex items-center"
        >
          <button
            aria-label="Go to previous month"
            class="rdp-button_reset rdp-button inline-flex items-center justify-center whitespace-nowrap rounded-md text-sm font-medium ring-offset-background transition-colors focus-visible:outline-none focus-visible:ring-2 focus-visible:ring-ring focus-visible:ring-offset-2 disabled:pointer-events-none disabled:opacity-50 border border-input hover:bg-accent hover:text-accent-foreground h-7 w-7 bg-transparent p-0 opacity-50 hover:opacity-100 absolute left-1"
            name="previous-month"
            type="button"
          >
            <svg
              class="lucide lucide-chevron-left h-4 w-4"
              fill="none"
              height="24"
              stroke="currentColor"
              stroke-linecap="round"
              stroke-linejoin="round"
              stroke-width="2"
              viewBox="0 0 24 24"
              width="24"
              xmlns="http://www.w3.org/2000/svg"
            >
              <path
                d="m15 18-6-6 6-6"
              />
            </svg>
          </button>
          <button
            aria-label="Go to next month"
            class="rdp-button_reset rdp-button inline-flex items-center justify-center whitespace-nowrap rounded-md text-sm font-medium ring-offset-background transition-colors focus-visible:outline-none focus-visible:ring-2 focus-visible:ring-ring focus-visible:ring-offset-2 disabled:pointer-events-none disabled:opacity-50 border border-input hover:bg-accent hover:text-accent-foreground h-7 w-7 bg-transparent p-0 opacity-50 hover:opacity-100 absolute right-1"
            name="next-month"
            type="button"
          >
            <svg
              class="lucide lucide-chevron-right h-4 w-4"
              fill="none"
              height="24"
              stroke="currentColor"
              stroke-linecap="round"
              stroke-linejoin="round"
              stroke-width="2"
              viewBox="0 0 24 24"
              width="24"
              xmlns="http://www.w3.org/2000/svg"
            >
              <path
                d="m9 18 6-6-6-6"
              />
            </svg>
          </button>
        </div>
      </div>
      <table
        aria-labelledby="react-day-picker-1"
        class="w-full border-collapse space-y-1"
        role="grid"
      >
        <thead
          class="rdp-head"
        >
          <tr
            class="flex"
          >
            <th
              aria-label="Sunday"
              class="text-muted-foreground rounded-md w-9 font-normal text-[0.8rem]"
              scope="col"
            >
              Su
            </th>
            <th
              aria-label="Monday"
              class="text-muted-foreground rounded-md w-9 font-normal text-[0.8rem]"
              scope="col"
            >
              Mo
            </th>
            <th
              aria-label="Tuesday"
              class="text-muted-foreground rounded-md w-9 font-normal text-[0.8rem]"
              scope="col"
            >
              Tu
            </th>
            <th
              aria-label="Wednesday"
              class="text-muted-foreground rounded-md w-9 font-normal text-[0.8rem]"
              scope="col"
            >
              We
            </th>
            <th
              aria-label="Thursday"
              class="text-muted-foreground rounded-md w-9 font-normal text-[0.8rem]"
              scope="col"
            >
              Th
            </th>
            <th
              aria-label="Friday"
              class="text-muted-foreground rounded-md w-9 font-normal text-[0.8rem]"
              scope="col"
            >
              Fr
            </th>
            <th
              aria-label="Saturday"
              class="text-muted-foreground rounded-md w-9 font-normal text-[0.8rem]"
              scope="col"
            >
              Sa
            </th>
          </tr>
        </thead>
        <tbody
          class="rdp-tbody"
        >
          <tr
            class="flex w-full mt-2"
          >
            <td
              class="h-9 w-9 text-center text-sm p-0 relative [&:has([aria-selected].day-range-end)]:rounded-r-md [&:has([aria-selected].day-outside)]:bg-accent/50 [&:has([aria-selected])]:bg-accent first:[&:has([aria-selected])]:rounded-l-md last:[&:has([aria-selected])]:rounded-r-md focus-within:relative focus-within:z-20"
              role="presentation"
            >
              <button
                class="rdp-button_reset rdp-button inline-flex items-center justify-center whitespace-nowrap rounded-md text-sm ring-offset-background transition-colors focus-visible:outline-none focus-visible:ring-2 focus-visible:ring-ring focus-visible:ring-offset-2 disabled:pointer-events-none disabled:opacity-50 hover:bg-accent hover:text-accent-foreground h-9 w-9 p-0 font-normal aria-selected:opacity-100 day-outside text-muted-foreground opacity-50 aria-selected:bg-accent/50 aria-selected:text-muted-foreground aria-selected:opacity-30"
                name="day"
                role="gridcell"
                tabindex="-1"
                type="button"
              >
                28
              </button>
            </td>
            <td
              class="h-9 w-9 text-center text-sm p-0 relative [&:has([aria-selected].day-range-end)]:rounded-r-md [&:has([aria-selected].day-outside)]:bg-accent/50 [&:has([aria-selected])]:bg-accent first:[&:has([aria-selected])]:rounded-l-md last:[&:has([aria-selected])]:rounded-r-md focus-within:relative focus-within:z-20"
              role="presentation"
            >
              <button
                class="rdp-button_reset rdp-button inline-flex items-center justify-center whitespace-nowrap rounded-md text-sm ring-offset-background transition-colors focus-visible:outline-none focus-visible:ring-2 focus-visible:ring-ring focus-visible:ring-offset-2 disabled:pointer-events-none disabled:opacity-50 hover:bg-accent hover:text-accent-foreground h-9 w-9 p-0 font-normal aria-selected:opacity-100 day-outside text-muted-foreground opacity-50 aria-selected:bg-accent/50 aria-selected:text-muted-foreground aria-selected:opacity-30"
                name="day"
                role="gridcell"
                tabindex="-1"
                type="button"
              >
                29
              </button>
            </td>
            <td
              class="h-9 w-9 text-center text-sm p-0 relative [&:has([aria-selected].day-range-end)]:rounded-r-md [&:has([aria-selected].day-outside)]:bg-accent/50 [&:has([aria-selected])]:bg-accent first:[&:has([aria-selected])]:rounded-l-md last:[&:has([aria-selected])]:rounded-r-md focus-within:relative focus-within:z-20"
              role="presentation"
            >
              <button
                class="rdp-button_reset rdp-button inline-flex items-center justify-center whitespace-nowrap rounded-md text-sm ring-offset-background transition-colors focus-visible:outline-none focus-visible:ring-2 focus-visible:ring-ring focus-visible:ring-offset-2 disabled:pointer-events-none disabled:opacity-50 hover:bg-accent hover:text-accent-foreground h-9 w-9 p-0 font-normal aria-selected:opacity-100 day-outside text-muted-foreground opacity-50 aria-selected:bg-accent/50 aria-selected:text-muted-foreground aria-selected:opacity-30"
                name="day"
                role="gridcell"
                tabindex="-1"
                type="button"
              >
                30
              </button>
            </td>
            <td
              class="h-9 w-9 text-center text-sm p-0 relative [&:has([aria-selected].day-range-end)]:rounded-r-md [&:has([aria-selected].day-outside)]:bg-accent/50 [&:has([aria-selected])]:bg-accent first:[&:has([aria-selected])]:rounded-l-md last:[&:has([aria-selected])]:rounded-r-md focus-within:relative focus-within:z-20"
              role="presentation"
            >
              <button
                class="rdp-button_reset rdp-button inline-flex items-center justify-center whitespace-nowrap rounded-md text-sm ring-offset-background transition-colors focus-visible:outline-none focus-visible:ring-2 focus-visible:ring-ring focus-visible:ring-offset-2 disabled:pointer-events-none disabled:opacity-50 hover:bg-accent hover:text-accent-foreground h-9 w-9 p-0 font-normal aria-selected:opacity-100 day-outside text-muted-foreground opacity-50 aria-selected:bg-accent/50 aria-selected:text-muted-foreground aria-selected:opacity-30"
                name="day"
                role="gridcell"
                tabindex="-1"
                type="button"
              >
                31
              </button>
            </td>
            <td
              class="h-9 w-9 text-center text-sm p-0 relative [&:has([aria-selected].day-range-end)]:rounded-r-md [&:has([aria-selected].day-outside)]:bg-accent/50 [&:has([aria-selected])]:bg-accent first:[&:has([aria-selected])]:rounded-l-md last:[&:has([aria-selected])]:rounded-r-md focus-within:relative focus-within:z-20"
              role="presentation"
            >
              <button
                class="rdp-button_reset rdp-button inline-flex items-center justify-center whitespace-nowrap rounded-md text-sm ring-offset-background transition-colors focus-visible:outline-none focus-visible:ring-2 focus-visible:ring-ring focus-visible:ring-offset-2 disabled:pointer-events-none disabled:opacity-50 hover:bg-accent hover:text-accent-foreground h-9 w-9 p-0 font-normal aria-selected:opacity-100"
                name="day"
                role="gridcell"
                tabindex="-1"
                type="button"
              >
                1
              </button>
            </td>
            <td
              class="h-9 w-9 text-center text-sm p-0 relative [&:has([aria-selected].day-range-end)]:rounded-r-md [&:has([aria-selected].day-outside)]:bg-accent/50 [&:has([aria-selected])]:bg-accent first:[&:has([aria-selected])]:rounded-l-md last:[&:has([aria-selected])]:rounded-r-md focus-within:relative focus-within:z-20"
              role="presentation"
            >
              <button
                class="rdp-button_reset rdp-button inline-flex items-center justify-center whitespace-nowrap rounded-md text-sm ring-offset-background transition-colors focus-visible:outline-none focus-visible:ring-2 focus-visible:ring-ring focus-visible:ring-offset-2 disabled:pointer-events-none disabled:opacity-50 hover:bg-accent hover:text-accent-foreground h-9 w-9 p-0 font-normal aria-selected:opacity-100"
                name="day"
                role="gridcell"
                tabindex="-1"
                type="button"
              >
                2
              </button>
            </td>
            <td
              class="h-9 w-9 text-center text-sm p-0 relative [&:has([aria-selected].day-range-end)]:rounded-r-md [&:has([aria-selected].day-outside)]:bg-accent/50 [&:has([aria-selected])]:bg-accent first:[&:has([aria-selected])]:rounded-l-md last:[&:has([aria-selected])]:rounded-r-md focus-within:relative focus-within:z-20"
              role="presentation"
            >
              <button
                class="rdp-button_reset rdp-button inline-flex items-center justify-center whitespace-nowrap rounded-md text-sm ring-offset-background transition-colors focus-visible:outline-none focus-visible:ring-2 focus-visible:ring-ring focus-visible:ring-offset-2 disabled:pointer-events-none disabled:opacity-50 hover:bg-accent hover:text-accent-foreground h-9 w-9 p-0 font-normal aria-selected:opacity-100"
                name="day"
                role="gridcell"
                tabindex="-1"
                type="button"
              >
                3
              </button>
            </td>
          </tr>
          <tr
            class="flex w-full mt-2"
          >
            <td
              class="h-9 w-9 text-center text-sm p-0 relative [&:has([aria-selected].day-range-end)]:rounded-r-md [&:has([aria-selected].day-outside)]:bg-accent/50 [&:has([aria-selected])]:bg-accent first:[&:has([aria-selected])]:rounded-l-md last:[&:has([aria-selected])]:rounded-r-md focus-within:relative focus-within:z-20"
              role="presentation"
            >
              <button
                class="rdp-button_reset rdp-button inline-flex items-center justify-center whitespace-nowrap rounded-md text-sm ring-offset-background transition-colors focus-visible:outline-none focus-visible:ring-2 focus-visible:ring-ring focus-visible:ring-offset-2 disabled:pointer-events-none disabled:opacity-50 hover:bg-accent hover:text-accent-foreground h-9 w-9 p-0 font-normal aria-selected:opacity-100"
                name="day"
                role="gridcell"
                tabindex="-1"
                type="button"
              >
                4
              </button>
            </td>
            <td
              class="h-9 w-9 text-center text-sm p-0 relative [&:has([aria-selected].day-range-end)]:rounded-r-md [&:has([aria-selected].day-outside)]:bg-accent/50 [&:has([aria-selected])]:bg-accent first:[&:has([aria-selected])]:rounded-l-md last:[&:has([aria-selected])]:rounded-r-md focus-within:relative focus-within:z-20"
              role="presentation"
            >
              <button
                class="rdp-button_reset rdp-button inline-flex items-center justify-center whitespace-nowrap rounded-md text-sm ring-offset-background transition-colors focus-visible:outline-none focus-visible:ring-2 focus-visible:ring-ring focus-visible:ring-offset-2 disabled:pointer-events-none disabled:opacity-50 hover:bg-accent hover:text-accent-foreground h-9 w-9 p-0 font-normal aria-selected:opacity-100"
                name="day"
                role="gridcell"
                tabindex="-1"
                type="button"
              >
                5
              </button>
            </td>
            <td
              class="h-9 w-9 text-center text-sm p-0 relative [&:has([aria-selected].day-range-end)]:rounded-r-md [&:has([aria-selected].day-outside)]:bg-accent/50 [&:has([aria-selected])]:bg-accent first:[&:has([aria-selected])]:rounded-l-md last:[&:has([aria-selected])]:rounded-r-md focus-within:relative focus-within:z-20"
              role="presentation"
            >
              <button
                class="rdp-button_reset rdp-button inline-flex items-center justify-center whitespace-nowrap rounded-md text-sm ring-offset-background transition-colors focus-visible:outline-none focus-visible:ring-2 focus-visible:ring-ring focus-visible:ring-offset-2 disabled:pointer-events-none disabled:opacity-50 hover:bg-accent hover:text-accent-foreground h-9 w-9 p-0 font-normal aria-selected:opacity-100"
                name="day"
                role="gridcell"
                tabindex="-1"
                type="button"
              >
                6
              </button>
            </td>
            <td
              class="h-9 w-9 text-center text-sm p-0 relative [&:has([aria-selected].day-range-end)]:rounded-r-md [&:has([aria-selected].day-outside)]:bg-accent/50 [&:has([aria-selected])]:bg-accent first:[&:has([aria-selected])]:rounded-l-md last:[&:has([aria-selected])]:rounded-r-md focus-within:relative focus-within:z-20"
              role="presentation"
            >
              <button
                class="rdp-button_reset rdp-button inline-flex items-center justify-center whitespace-nowrap rounded-md text-sm ring-offset-background transition-colors focus-visible:outline-none focus-visible:ring-2 focus-visible:ring-ring focus-visible:ring-offset-2 disabled:pointer-events-none disabled:opacity-50 hover:bg-accent hover:text-accent-foreground h-9 w-9 p-0 font-normal aria-selected:opacity-100"
                name="day"
                role="gridcell"
                tabindex="-1"
                type="button"
              >
                7
              </button>
            </td>
            <td
              class="h-9 w-9 text-center text-sm p-0 relative [&:has([aria-selected].day-range-end)]:rounded-r-md [&:has([aria-selected].day-outside)]:bg-accent/50 [&:has([aria-selected])]:bg-accent first:[&:has([aria-selected])]:rounded-l-md last:[&:has([aria-selected])]:rounded-r-md focus-within:relative focus-within:z-20"
              role="presentation"
            >
              <button
                class="rdp-button_reset rdp-button inline-flex items-center justify-center whitespace-nowrap rounded-md text-sm ring-offset-background transition-colors focus-visible:outline-none focus-visible:ring-2 focus-visible:ring-ring focus-visible:ring-offset-2 disabled:pointer-events-none disabled:opacity-50 hover:bg-accent hover:text-accent-foreground h-9 w-9 p-0 font-normal aria-selected:opacity-100"
                name="day"
                role="gridcell"
                tabindex="-1"
                type="button"
              >
                8
              </button>
            </td>
            <td
              class="h-9 w-9 text-center text-sm p-0 relative [&:has([aria-selected].day-range-end)]:rounded-r-md [&:has([aria-selected].day-outside)]:bg-accent/50 [&:has([aria-selected])]:bg-accent first:[&:has([aria-selected])]:rounded-l-md last:[&:has([aria-selected])]:rounded-r-md focus-within:relative focus-within:z-20"
              role="presentation"
            >
              <button
                class="rdp-button_reset rdp-button inline-flex items-center justify-center whitespace-nowrap rounded-md text-sm ring-offset-background transition-colors focus-visible:outline-none focus-visible:ring-2 focus-visible:ring-ring focus-visible:ring-offset-2 disabled:pointer-events-none disabled:opacity-50 hover:bg-accent hover:text-accent-foreground h-9 w-9 p-0 font-normal aria-selected:opacity-100"
                name="day"
                role="gridcell"
                tabindex="-1"
                type="button"
              >
                9
              </button>
            </td>
            <td
              class="h-9 w-9 text-center text-sm p-0 relative [&:has([aria-selected].day-range-end)]:rounded-r-md [&:has([aria-selected].day-outside)]:bg-accent/50 [&:has([aria-selected])]:bg-accent first:[&:has([aria-selected])]:rounded-l-md last:[&:has([aria-selected])]:rounded-r-md focus-within:relative focus-within:z-20"
              role="presentation"
            >
              <button
                class="rdp-button_reset rdp-button inline-flex items-center justify-center whitespace-nowrap rounded-md text-sm ring-offset-background transition-colors focus-visible:outline-none focus-visible:ring-2 focus-visible:ring-ring focus-visible:ring-offset-2 disabled:pointer-events-none disabled:opacity-50 hover:bg-accent hover:text-accent-foreground h-9 w-9 p-0 font-normal aria-selected:opacity-100"
                name="day"
                role="gridcell"
                tabindex="-1"
                type="button"
              >
                10
              </button>
            </td>
          </tr>
          <tr
            class="flex w-full mt-2"
          >
            <td
              class="h-9 w-9 text-center text-sm p-0 relative [&:has([aria-selected].day-range-end)]:rounded-r-md [&:has([aria-selected].day-outside)]:bg-accent/50 [&:has([aria-selected])]:bg-accent first:[&:has([aria-selected])]:rounded-l-md last:[&:has([aria-selected])]:rounded-r-md focus-within:relative focus-within:z-20"
              role="presentation"
            >
              <button
                class="rdp-button_reset rdp-button inline-flex items-center justify-center whitespace-nowrap rounded-md text-sm ring-offset-background transition-colors focus-visible:outline-none focus-visible:ring-2 focus-visible:ring-ring focus-visible:ring-offset-2 disabled:pointer-events-none disabled:opacity-50 hover:bg-accent hover:text-accent-foreground h-9 w-9 p-0 font-normal aria-selected:opacity-100"
                name="day"
                role="gridcell"
                tabindex="-1"
                type="button"
              >
                11
              </button>
            </td>
            <td
              class="h-9 w-9 text-center text-sm p-0 relative [&:has([aria-selected].day-range-end)]:rounded-r-md [&:has([aria-selected].day-outside)]:bg-accent/50 [&:has([aria-selected])]:bg-accent first:[&:has([aria-selected])]:rounded-l-md last:[&:has([aria-selected])]:rounded-r-md focus-within:relative focus-within:z-20"
              role="presentation"
            >
              <button
                class="rdp-button_reset rdp-button inline-flex items-center justify-center whitespace-nowrap rounded-md text-sm ring-offset-background transition-colors focus-visible:outline-none focus-visible:ring-2 focus-visible:ring-ring focus-visible:ring-offset-2 disabled:pointer-events-none disabled:opacity-50 hover:bg-accent hover:text-accent-foreground h-9 w-9 p-0 font-normal aria-selected:opacity-100"
                name="day"
                role="gridcell"
                tabindex="-1"
                type="button"
              >
                12
              </button>
            </td>
            <td
              class="h-9 w-9 text-center text-sm p-0 relative [&:has([aria-selected].day-range-end)]:rounded-r-md [&:has([aria-selected].day-outside)]:bg-accent/50 [&:has([aria-selected])]:bg-accent first:[&:has([aria-selected])]:rounded-l-md last:[&:has([aria-selected])]:rounded-r-md focus-within:relative focus-within:z-20"
              role="presentation"
            >
              <button
                class="rdp-button_reset rdp-button inline-flex items-center justify-center whitespace-nowrap rounded-md text-sm ring-offset-background transition-colors focus-visible:outline-none focus-visible:ring-2 focus-visible:ring-ring focus-visible:ring-offset-2 disabled:pointer-events-none disabled:opacity-50 hover:bg-accent hover:text-accent-foreground h-9 w-9 p-0 font-normal aria-selected:opacity-100"
                name="day"
                role="gridcell"
                tabindex="-1"
                type="button"
              >
                13
              </button>
            </td>
            <td
              class="h-9 w-9 text-center text-sm p-0 relative [&:has([aria-selected].day-range-end)]:rounded-r-md [&:has([aria-selected].day-outside)]:bg-accent/50 [&:has([aria-selected])]:bg-accent first:[&:has([aria-selected])]:rounded-l-md last:[&:has([aria-selected])]:rounded-r-md focus-within:relative focus-within:z-20"
              role="presentation"
            >
              <button
                class="rdp-button_reset rdp-button inline-flex items-center justify-center whitespace-nowrap rounded-md text-sm ring-offset-background transition-colors focus-visible:outline-none focus-visible:ring-2 focus-visible:ring-ring focus-visible:ring-offset-2 disabled:pointer-events-none disabled:opacity-50 hover:bg-accent hover:text-accent-foreground h-9 w-9 p-0 font-normal aria-selected:opacity-100"
                name="day"
                role="gridcell"
                tabindex="-1"
                type="button"
              >
                14
              </button>
            </td>
            <td
              class="h-9 w-9 text-center text-sm p-0 relative [&:has([aria-selected].day-range-end)]:rounded-r-md [&:has([aria-selected].day-outside)]:bg-accent/50 [&:has([aria-selected])]:bg-accent first:[&:has([aria-selected])]:rounded-l-md last:[&:has([aria-selected])]:rounded-r-md focus-within:relative focus-within:z-20"
              role="presentation"
            >
              <button
                class="rdp-button_reset rdp-button inline-flex items-center justify-center whitespace-nowrap rounded-md text-sm ring-offset-background transition-colors focus-visible:outline-none focus-visible:ring-2 focus-visible:ring-ring focus-visible:ring-offset-2 disabled:pointer-events-none disabled:opacity-50 hover:bg-accent hover:text-accent-foreground h-9 w-9 p-0 font-normal aria-selected:opacity-100"
                name="day"
                role="gridcell"
                tabindex="-1"
                type="button"
              >
                15
              </button>
            </td>
            <td
              class="h-9 w-9 text-center text-sm p-0 relative [&:has([aria-selected].day-range-end)]:rounded-r-md [&:has([aria-selected].day-outside)]:bg-accent/50 [&:has([aria-selected])]:bg-accent first:[&:has([aria-selected])]:rounded-l-md last:[&:has([aria-selected])]:rounded-r-md focus-within:relative focus-within:z-20"
              role="presentation"
            >
              <button
                class="rdp-button_reset rdp-button inline-flex items-center justify-center whitespace-nowrap rounded-md text-sm ring-offset-background transition-colors focus-visible:outline-none focus-visible:ring-2 focus-visible:ring-ring focus-visible:ring-offset-2 disabled:pointer-events-none disabled:opacity-50 hover:bg-accent hover:text-accent-foreground h-9 w-9 p-0 font-normal aria-selected:opacity-100"
                name="day"
                role="gridcell"
                tabindex="-1"
                type="button"
              >
                16
              </button>
            </td>
            <td
              class="h-9 w-9 text-center text-sm p-0 relative [&:has([aria-selected].day-range-end)]:rounded-r-md [&:has([aria-selected].day-outside)]:bg-accent/50 [&:has([aria-selected])]:bg-accent first:[&:has([aria-selected])]:rounded-l-md last:[&:has([aria-selected])]:rounded-r-md focus-within:relative focus-within:z-20"
              role="presentation"
            >
              <button
                aria-selected="true"
                class="rdp-button_reset rdp-button inline-flex items-center justify-center whitespace-nowrap rounded-md text-sm ring-offset-background transition-colors focus-visible:outline-none focus-visible:ring-2 focus-visible:ring-ring focus-visible:ring-offset-2 disabled:pointer-events-none disabled:opacity-50 hover:bg-accent hover:text-accent-foreground h-9 w-9 p-0 font-normal aria-selected:opacity-100 bg-primary text-primary-foreground hover:bg-primary hover:text-primary-foreground focus:bg-primary focus:text-primary-foreground bg-accent text-accent-foreground"
                name="day"
                role="gridcell"
                tabindex="0"
                type="button"
              >
                17
              </button>
            </td>
          </tr>
          <tr
            class="flex w-full mt-2"
          >
            <td
              class="h-9 w-9 text-center text-sm p-0 relative [&:has([aria-selected].day-range-end)]:rounded-r-md [&:has([aria-selected].day-outside)]:bg-accent/50 [&:has([aria-selected])]:bg-accent first:[&:has([aria-selected])]:rounded-l-md last:[&:has([aria-selected])]:rounded-r-md focus-within:relative focus-within:z-20"
              role="presentation"
            >
              <button
                class="rdp-button_reset rdp-button inline-flex items-center justify-center whitespace-nowrap rounded-md text-sm ring-offset-background transition-colors focus-visible:outline-none focus-visible:ring-2 focus-visible:ring-ring focus-visible:ring-offset-2 disabled:pointer-events-none disabled:opacity-50 hover:bg-accent hover:text-accent-foreground h-9 w-9 p-0 font-normal aria-selected:opacity-100 text-muted-foreground opacity-50"
                disabled=""
                name="day"
                role="gridcell"
                tabindex="-1"
                type="button"
              >
                18
              </button>
            </td>
            <td
              class="h-9 w-9 text-center text-sm p-0 relative [&:has([aria-selected].day-range-end)]:rounded-r-md [&:has([aria-selected].day-outside)]:bg-accent/50 [&:has([aria-selected])]:bg-accent first:[&:has([aria-selected])]:rounded-l-md last:[&:has([aria-selected])]:rounded-r-md focus-within:relative focus-within:z-20"
              role="presentation"
            >
              <button
                class="rdp-button_reset rdp-button inline-flex items-center justify-center whitespace-nowrap rounded-md text-sm ring-offset-background transition-colors focus-visible:outline-none focus-visible:ring-2 focus-visible:ring-ring focus-visible:ring-offset-2 disabled:pointer-events-none disabled:opacity-50 hover:bg-accent hover:text-accent-foreground h-9 w-9 p-0 font-normal aria-selected:opacity-100 text-muted-foreground opacity-50"
                disabled=""
                name="day"
                role="gridcell"
                tabindex="-1"
                type="button"
              >
                19
              </button>
            </td>
            <td
              class="h-9 w-9 text-center text-sm p-0 relative [&:has([aria-selected].day-range-end)]:rounded-r-md [&:has([aria-selected].day-outside)]:bg-accent/50 [&:has([aria-selected])]:bg-accent first:[&:has([aria-selected])]:rounded-l-md last:[&:has([aria-selected])]:rounded-r-md focus-within:relative focus-within:z-20"
              role="presentation"
            >
              <button
                class="rdp-button_reset rdp-button inline-flex items-center justify-center whitespace-nowrap rounded-md text-sm ring-offset-background transition-colors focus-visible:outline-none focus-visible:ring-2 focus-visible:ring-ring focus-visible:ring-offset-2 disabled:pointer-events-none disabled:opacity-50 hover:bg-accent hover:text-accent-foreground h-9 w-9 p-0 font-normal aria-selected:opacity-100 text-muted-foreground opacity-50"
                disabled=""
                name="day"
                role="gridcell"
                tabindex="-1"
                type="button"
              >
                20
              </button>
            </td>
            <td
              class="h-9 w-9 text-center text-sm p-0 relative [&:has([aria-selected].day-range-end)]:rounded-r-md [&:has([aria-selected].day-outside)]:bg-accent/50 [&:has([aria-selected])]:bg-accent first:[&:has([aria-selected])]:rounded-l-md last:[&:has([aria-selected])]:rounded-r-md focus-within:relative focus-within:z-20"
              role="presentation"
            >
              <button
                class="rdp-button_reset rdp-button inline-flex items-center justify-center whitespace-nowrap rounded-md text-sm ring-offset-background transition-colors focus-visible:outline-none focus-visible:ring-2 focus-visible:ring-ring focus-visible:ring-offset-2 disabled:pointer-events-none disabled:opacity-50 hover:bg-accent hover:text-accent-foreground h-9 w-9 p-0 font-normal aria-selected:opacity-100 text-muted-foreground opacity-50"
                disabled=""
                name="day"
                role="gridcell"
                tabindex="-1"
                type="button"
              >
                21
              </button>
            </td>
            <td
              class="h-9 w-9 text-center text-sm p-0 relative [&:has([aria-selected].day-range-end)]:rounded-r-md [&:has([aria-selected].day-outside)]:bg-accent/50 [&:has([aria-selected])]:bg-accent first:[&:has([aria-selected])]:rounded-l-md last:[&:has([aria-selected])]:rounded-r-md focus-within:relative focus-within:z-20"
              role="presentation"
            >
              <button
                class="rdp-button_reset rdp-button inline-flex items-center justify-center whitespace-nowrap rounded-md text-sm ring-offset-background transition-colors focus-visible:outline-none focus-visible:ring-2 focus-visible:ring-ring focus-visible:ring-offset-2 disabled:pointer-events-none disabled:opacity-50 hover:bg-accent hover:text-accent-foreground h-9 w-9 p-0 font-normal aria-selected:opacity-100 text-muted-foreground opacity-50"
                disabled=""
                name="day"
                role="gridcell"
                tabindex="-1"
                type="button"
              >
                22
              </button>
            </td>
            <td
              class="h-9 w-9 text-center text-sm p-0 relative [&:has([aria-selected].day-range-end)]:rounded-r-md [&:has([aria-selected].day-outside)]:bg-accent/50 [&:has([aria-selected])]:bg-accent first:[&:has([aria-selected])]:rounded-l-md last:[&:has([aria-selected])]:rounded-r-md focus-within:relative focus-within:z-20"
              role="presentation"
            >
              <button
                class="rdp-button_reset rdp-button inline-flex items-center justify-center whitespace-nowrap rounded-md text-sm ring-offset-background transition-colors focus-visible:outline-none focus-visible:ring-2 focus-visible:ring-ring focus-visible:ring-offset-2 disabled:pointer-events-none disabled:opacity-50 hover:bg-accent hover:text-accent-foreground h-9 w-9 p-0 font-normal aria-selected:opacity-100 text-muted-foreground opacity-50"
                disabled=""
                name="day"
                role="gridcell"
                tabindex="-1"
                type="button"
              >
                23
              </button>
            </td>
            <td
              class="h-9 w-9 text-center text-sm p-0 relative [&:has([aria-selected].day-range-end)]:rounded-r-md [&:has([aria-selected].day-outside)]:bg-accent/50 [&:has([aria-selected])]:bg-accent first:[&:has([aria-selected])]:rounded-l-md last:[&:has([aria-selected])]:rounded-r-md focus-within:relative focus-within:z-20"
              role="presentation"
            >
              <button
                class="rdp-button_reset rdp-button inline-flex items-center justify-center whitespace-nowrap rounded-md text-sm ring-offset-background transition-colors focus-visible:outline-none focus-visible:ring-2 focus-visible:ring-ring focus-visible:ring-offset-2 disabled:pointer-events-none disabled:opacity-50 hover:bg-accent hover:text-accent-foreground h-9 w-9 p-0 font-normal aria-selected:opacity-100 text-muted-foreground opacity-50"
                disabled=""
                name="day"
                role="gridcell"
                tabindex="-1"
                type="button"
              >
                24
              </button>
            </td>
          </tr>
          <tr
            class="flex w-full mt-2"
          >
            <td
              class="h-9 w-9 text-center text-sm p-0 relative [&:has([aria-selected].day-range-end)]:rounded-r-md [&:has([aria-selected].day-outside)]:bg-accent/50 [&:has([aria-selected])]:bg-accent first:[&:has([aria-selected])]:rounded-l-md last:[&:has([aria-selected])]:rounded-r-md focus-within:relative focus-within:z-20"
              role="presentation"
            >
              <button
                class="rdp-button_reset rdp-button inline-flex items-center justify-center whitespace-nowrap rounded-md text-sm ring-offset-background transition-colors focus-visible:outline-none focus-visible:ring-2 focus-visible:ring-ring focus-visible:ring-offset-2 disabled:pointer-events-none disabled:opacity-50 hover:bg-accent hover:text-accent-foreground h-9 w-9 p-0 font-normal aria-selected:opacity-100 text-muted-foreground opacity-50"
                disabled=""
                name="day"
                role="gridcell"
                tabindex="-1"
                type="button"
              >
                25
              </button>
            </td>
            <td
              class="h-9 w-9 text-center text-sm p-0 relative [&:has([aria-selected].day-range-end)]:rounded-r-md [&:has([aria-selected].day-outside)]:bg-accent/50 [&:has([aria-selected])]:bg-accent first:[&:has([aria-selected])]:rounded-l-md last:[&:has([aria-selected])]:rounded-r-md focus-within:relative focus-within:z-20"
              role="presentation"
            >
              <button
                class="rdp-button_reset rdp-button inline-flex items-center justify-center whitespace-nowrap rounded-md text-sm ring-offset-background transition-colors focus-visible:outline-none focus-visible:ring-2 focus-visible:ring-ring focus-visible:ring-offset-2 disabled:pointer-events-none disabled:opacity-50 hover:bg-accent hover:text-accent-foreground h-9 w-9 p-0 font-normal aria-selected:opacity-100 text-muted-foreground opacity-50"
                disabled=""
                name="day"
                role="gridcell"
                tabindex="-1"
                type="button"
              >
                26
              </button>
            </td>
            <td
              class="h-9 w-9 text-center text-sm p-0 relative [&:has([aria-selected].day-range-end)]:rounded-r-md [&:has([aria-selected].day-outside)]:bg-accent/50 [&:has([aria-selected])]:bg-accent first:[&:has([aria-selected])]:rounded-l-md last:[&:has([aria-selected])]:rounded-r-md focus-within:relative focus-within:z-20"
              role="presentation"
            >
              <button
                class="rdp-button_reset rdp-button inline-flex items-center justify-center whitespace-nowrap rounded-md text-sm ring-offset-background transition-colors focus-visible:outline-none focus-visible:ring-2 focus-visible:ring-ring focus-visible:ring-offset-2 disabled:pointer-events-none disabled:opacity-50 hover:bg-accent hover:text-accent-foreground h-9 w-9 p-0 font-normal aria-selected:opacity-100 text-muted-foreground opacity-50"
                disabled=""
                name="day"
                role="gridcell"
                tabindex="-1"
                type="button"
              >
                27
              </button>
            </td>
            <td
              class="h-9 w-9 text-center text-sm p-0 relative [&:has([aria-selected].day-range-end)]:rounded-r-md [&:has([aria-selected].day-outside)]:bg-accent/50 [&:has([aria-selected])]:bg-accent first:[&:has([aria-selected])]:rounded-l-md last:[&:has([aria-selected])]:rounded-r-md focus-within:relative focus-within:z-20"
              role="presentation"
            >
              <button
                class="rdp-button_reset rdp-button inline-flex items-center justify-center whitespace-nowrap rounded-md text-sm ring-offset-background transition-colors focus-visible:outline-none focus-visible:ring-2 focus-visible:ring-ring focus-visible:ring-offset-2 disabled:pointer-events-none disabled:opacity-50 hover:bg-accent hover:text-accent-foreground h-9 w-9 p-0 font-normal aria-selected:opacity-100 text-muted-foreground opacity-50"
                disabled=""
                name="day"
                role="gridcell"
                tabindex="-1"
                type="button"
              >
                28
              </button>
            </td>
            <td
              class="h-9 w-9 text-center text-sm p-0 relative [&:has([aria-selected].day-range-end)]:rounded-r-md [&:has([aria-selected].day-outside)]:bg-accent/50 [&:has([aria-selected])]:bg-accent first:[&:has([aria-selected])]:rounded-l-md last:[&:has([aria-selected])]:rounded-r-md focus-within:relative focus-within:z-20"
              role="presentation"
            >
              <button
                class="rdp-button_reset rdp-button inline-flex items-center justify-center whitespace-nowrap rounded-md text-sm ring-offset-background transition-colors focus-visible:outline-none focus-visible:ring-2 focus-visible:ring-ring focus-visible:ring-offset-2 disabled:pointer-events-none disabled:opacity-50 hover:bg-accent hover:text-accent-foreground h-9 w-9 p-0 font-normal aria-selected:opacity-100 text-muted-foreground opacity-50"
                disabled=""
                name="day"
                role="gridcell"
                tabindex="-1"
                type="button"
              >
                29
              </button>
            </td>
            <td
              class="h-9 w-9 text-center text-sm p-0 relative [&:has([aria-selected].day-range-end)]:rounded-r-md [&:has([aria-selected].day-outside)]:bg-accent/50 [&:has([aria-selected])]:bg-accent first:[&:has([aria-selected])]:rounded-l-md last:[&:has([aria-selected])]:rounded-r-md focus-within:relative focus-within:z-20"
              role="presentation"
            >
              <button
                class="rdp-button_reset rdp-button inline-flex items-center justify-center whitespace-nowrap rounded-md text-sm ring-offset-background transition-colors focus-visible:outline-none focus-visible:ring-2 focus-visible:ring-ring focus-visible:ring-offset-2 disabled:pointer-events-none disabled:opacity-50 hover:bg-accent hover:text-accent-foreground h-9 w-9 p-0 font-normal aria-selected:opacity-100 text-muted-foreground opacity-50"
                disabled=""
                name="day"
                role="gridcell"
                tabindex="-1"
                type="button"
              >
                30
              </button>
            </td>
            <td
              class="h-9 w-9 text-center text-sm p-0 relative [&:has([aria-selected].day-range-end)]:rounded-r-md [&:has([aria-selected].day-outside)]:bg-accent/50 [&:has([aria-selected])]:bg-accent first:[&:has([aria-selected])]:rounded-l-md last:[&:has([aria-selected])]:rounded-r-md focus-within:relative focus-within:z-20"
              role="presentation"
            >
              <button
                class="rdp-button_reset rdp-button inline-flex items-center justify-center whitespace-nowrap rounded-md text-sm ring-offset-background transition-colors focus-visible:outline-none focus-visible:ring-2 focus-visible:ring-ring focus-visible:ring-offset-2 disabled:pointer-events-none disabled:opacity-50 hover:bg-accent hover:text-accent-foreground h-9 w-9 p-0 font-normal aria-selected:opacity-100 text-muted-foreground opacity-50"
                disabled=""
                name="day"
                role="gridcell"
                tabindex="-1"
                type="button"
              >
                31
              </button>
            </td>
          </tr>
        </tbody>
      </table>
    </div>
  </div>
</div>
`;

exports[`DatePicker component test > button should render 1`] = `
<div>
  <button
    aria-controls="radix-:r0:"
    aria-expanded="false"
    aria-haspopup="dialog"
    class="inline-flex items-center justify-center whitespace-nowrap rounded-md text-sm ring-offset-background transition-colors focus-visible:outline-none focus-visible:ring-2 focus-visible:ring-ring focus-visible:ring-offset-2 disabled:pointer-events-none disabled:opacity-50 border border-input bg-background hover:bg-accent hover:text-accent-foreground h-10 px-4 py-2 w-[240px] pl-3 text-left font-normal"
    data-state="closed"
    type="button"
  >
    August 17th, 2024
    <svg
      class="lucide lucide-calendar ml-auto h-4 w-4 opacity-50"
      fill="none"
      height="24"
      stroke="currentColor"
      stroke-linecap="round"
      stroke-linejoin="round"
      stroke-width="2"
      viewBox="0 0 24 24"
      width="24"
      xmlns="http://www.w3.org/2000/svg"
    >
      <path
        d="M8 2v4"
      />
      <path
        d="M16 2v4"
      />
      <rect
        height="18"
        rx="2"
        width="18"
        x="3"
        y="4"
      />
      <path
        d="M3 10h18"
      />
    </svg>
  </button>
</div>
`;

exports[`DatePicker component test > popover should render 1`] = `
<div
  class="rdp p-3"
  data-testid="date-picker-calendar"
>
  <div
    class="flex flex-col sm:flex-row space-y-4 sm:space-x-4 sm:space-y-0"
  >
    <div
      class="space-y-4 rdp-caption_start rdp-caption_end"
    >
      <div
        class="flex justify-center pt-1 relative items-center"
      >
        <div
          aria-live="polite"
          class="text-sm font-medium"
          id="react-day-picker-1"
          role="presentation"
        >
          August 2024
        </div>
        <div
          class="space-x-1 flex items-center"
        >
          <button
            aria-label="Go to previous month"
            class="rdp-button_reset rdp-button inline-flex items-center justify-center whitespace-nowrap rounded-md text-sm font-medium ring-offset-background transition-colors focus-visible:outline-none focus-visible:ring-2 focus-visible:ring-ring focus-visible:ring-offset-2 disabled:pointer-events-none disabled:opacity-50 border border-input hover:bg-accent hover:text-accent-foreground h-7 w-7 bg-transparent p-0 opacity-50 hover:opacity-100 absolute left-1"
            name="previous-month"
            type="button"
          >
            <svg
              class="lucide lucide-chevron-left h-4 w-4"
              fill="none"
              height="24"
              stroke="currentColor"
              stroke-linecap="round"
              stroke-linejoin="round"
              stroke-width="2"
              viewBox="0 0 24 24"
              width="24"
              xmlns="http://www.w3.org/2000/svg"
            >
              <path
                d="m15 18-6-6 6-6"
              />
            </svg>
          </button>
          <button
            aria-label="Go to next month"
            class="rdp-button_reset rdp-button inline-flex items-center justify-center whitespace-nowrap rounded-md text-sm font-medium ring-offset-background transition-colors focus-visible:outline-none focus-visible:ring-2 focus-visible:ring-ring focus-visible:ring-offset-2 disabled:pointer-events-none disabled:opacity-50 border border-input hover:bg-accent hover:text-accent-foreground h-7 w-7 bg-transparent p-0 opacity-50 hover:opacity-100 absolute right-1"
            name="next-month"
            type="button"
          >
            <svg
              class="lucide lucide-chevron-right h-4 w-4"
              fill="none"
              height="24"
              stroke="currentColor"
              stroke-linecap="round"
              stroke-linejoin="round"
              stroke-width="2"
              viewBox="0 0 24 24"
              width="24"
              xmlns="http://www.w3.org/2000/svg"
            >
              <path
                d="m9 18 6-6-6-6"
              />
            </svg>
          </button>
        </div>
      </div>
      <table
        aria-labelledby="react-day-picker-1"
        class="w-full border-collapse space-y-1"
        role="grid"
      >
        <thead
          class="rdp-head"
        >
          <tr
            class="flex"
          >
            <th
              aria-label="Sunday"
              class="text-muted-foreground rounded-md w-9 font-normal text-[0.8rem]"
              scope="col"
            >
              Su
            </th>
            <th
              aria-label="Monday"
              class="text-muted-foreground rounded-md w-9 font-normal text-[0.8rem]"
              scope="col"
            >
              Mo
            </th>
            <th
              aria-label="Tuesday"
              class="text-muted-foreground rounded-md w-9 font-normal text-[0.8rem]"
              scope="col"
            >
              Tu
            </th>
            <th
              aria-label="Wednesday"
              class="text-muted-foreground rounded-md w-9 font-normal text-[0.8rem]"
              scope="col"
            >
              We
            </th>
            <th
              aria-label="Thursday"
              class="text-muted-foreground rounded-md w-9 font-normal text-[0.8rem]"
              scope="col"
            >
              Th
            </th>
            <th
              aria-label="Friday"
              class="text-muted-foreground rounded-md w-9 font-normal text-[0.8rem]"
              scope="col"
            >
              Fr
            </th>
            <th
              aria-label="Saturday"
              class="text-muted-foreground rounded-md w-9 font-normal text-[0.8rem]"
              scope="col"
            >
              Sa
            </th>
          </tr>
        </thead>
        <tbody
          class="rdp-tbody"
        >
          <tr
            class="flex w-full mt-2"
          >
            <td
              class="h-9 w-9 text-center text-sm p-0 relative [&:has([aria-selected].day-range-end)]:rounded-r-md [&:has([aria-selected].day-outside)]:bg-accent/50 [&:has([aria-selected])]:bg-accent first:[&:has([aria-selected])]:rounded-l-md last:[&:has([aria-selected])]:rounded-r-md focus-within:relative focus-within:z-20"
              role="presentation"
            >
              <button
                class="rdp-button_reset rdp-button inline-flex items-center justify-center whitespace-nowrap rounded-md text-sm ring-offset-background transition-colors focus-visible:outline-none focus-visible:ring-2 focus-visible:ring-ring focus-visible:ring-offset-2 disabled:pointer-events-none disabled:opacity-50 hover:bg-accent hover:text-accent-foreground h-9 w-9 p-0 font-normal aria-selected:opacity-100 day-outside text-muted-foreground opacity-50 aria-selected:bg-accent/50 aria-selected:text-muted-foreground aria-selected:opacity-30"
                name="day"
                role="gridcell"
                tabindex="-1"
                type="button"
              >
                28
              </button>
            </td>
            <td
              class="h-9 w-9 text-center text-sm p-0 relative [&:has([aria-selected].day-range-end)]:rounded-r-md [&:has([aria-selected].day-outside)]:bg-accent/50 [&:has([aria-selected])]:bg-accent first:[&:has([aria-selected])]:rounded-l-md last:[&:has([aria-selected])]:rounded-r-md focus-within:relative focus-within:z-20"
              role="presentation"
            >
              <button
                class="rdp-button_reset rdp-button inline-flex items-center justify-center whitespace-nowrap rounded-md text-sm ring-offset-background transition-colors focus-visible:outline-none focus-visible:ring-2 focus-visible:ring-ring focus-visible:ring-offset-2 disabled:pointer-events-none disabled:opacity-50 hover:bg-accent hover:text-accent-foreground h-9 w-9 p-0 font-normal aria-selected:opacity-100 day-outside text-muted-foreground opacity-50 aria-selected:bg-accent/50 aria-selected:text-muted-foreground aria-selected:opacity-30"
                name="day"
                role="gridcell"
                tabindex="-1"
                type="button"
              >
                29
              </button>
            </td>
            <td
              class="h-9 w-9 text-center text-sm p-0 relative [&:has([aria-selected].day-range-end)]:rounded-r-md [&:has([aria-selected].day-outside)]:bg-accent/50 [&:has([aria-selected])]:bg-accent first:[&:has([aria-selected])]:rounded-l-md last:[&:has([aria-selected])]:rounded-r-md focus-within:relative focus-within:z-20"
              role="presentation"
            >
              <button
                class="rdp-button_reset rdp-button inline-flex items-center justify-center whitespace-nowrap rounded-md text-sm ring-offset-background transition-colors focus-visible:outline-none focus-visible:ring-2 focus-visible:ring-ring focus-visible:ring-offset-2 disabled:pointer-events-none disabled:opacity-50 hover:bg-accent hover:text-accent-foreground h-9 w-9 p-0 font-normal aria-selected:opacity-100 day-outside text-muted-foreground opacity-50 aria-selected:bg-accent/50 aria-selected:text-muted-foreground aria-selected:opacity-30"
                name="day"
                role="gridcell"
                tabindex="-1"
                type="button"
              >
                30
              </button>
            </td>
            <td
              class="h-9 w-9 text-center text-sm p-0 relative [&:has([aria-selected].day-range-end)]:rounded-r-md [&:has([aria-selected].day-outside)]:bg-accent/50 [&:has([aria-selected])]:bg-accent first:[&:has([aria-selected])]:rounded-l-md last:[&:has([aria-selected])]:rounded-r-md focus-within:relative focus-within:z-20"
              role="presentation"
            >
              <button
                class="rdp-button_reset rdp-button inline-flex items-center justify-center whitespace-nowrap rounded-md text-sm ring-offset-background transition-colors focus-visible:outline-none focus-visible:ring-2 focus-visible:ring-ring focus-visible:ring-offset-2 disabled:pointer-events-none disabled:opacity-50 hover:bg-accent hover:text-accent-foreground h-9 w-9 p-0 font-normal aria-selected:opacity-100 day-outside text-muted-foreground opacity-50 aria-selected:bg-accent/50 aria-selected:text-muted-foreground aria-selected:opacity-30"
                name="day"
                role="gridcell"
                tabindex="-1"
                type="button"
              >
                31
              </button>
            </td>
            <td
              class="h-9 w-9 text-center text-sm p-0 relative [&:has([aria-selected].day-range-end)]:rounded-r-md [&:has([aria-selected].day-outside)]:bg-accent/50 [&:has([aria-selected])]:bg-accent first:[&:has([aria-selected])]:rounded-l-md last:[&:has([aria-selected])]:rounded-r-md focus-within:relative focus-within:z-20"
              role="presentation"
            >
              <button
                class="rdp-button_reset rdp-button inline-flex items-center justify-center whitespace-nowrap rounded-md text-sm ring-offset-background transition-colors focus-visible:outline-none focus-visible:ring-2 focus-visible:ring-ring focus-visible:ring-offset-2 disabled:pointer-events-none disabled:opacity-50 hover:bg-accent hover:text-accent-foreground h-9 w-9 p-0 font-normal aria-selected:opacity-100"
                name="day"
                role="gridcell"
                tabindex="-1"
                type="button"
              >
                1
              </button>
            </td>
            <td
              class="h-9 w-9 text-center text-sm p-0 relative [&:has([aria-selected].day-range-end)]:rounded-r-md [&:has([aria-selected].day-outside)]:bg-accent/50 [&:has([aria-selected])]:bg-accent first:[&:has([aria-selected])]:rounded-l-md last:[&:has([aria-selected])]:rounded-r-md focus-within:relative focus-within:z-20"
              role="presentation"
            >
              <button
                class="rdp-button_reset rdp-button inline-flex items-center justify-center whitespace-nowrap rounded-md text-sm ring-offset-background transition-colors focus-visible:outline-none focus-visible:ring-2 focus-visible:ring-ring focus-visible:ring-offset-2 disabled:pointer-events-none disabled:opacity-50 hover:bg-accent hover:text-accent-foreground h-9 w-9 p-0 font-normal aria-selected:opacity-100"
                name="day"
                role="gridcell"
                tabindex="-1"
                type="button"
              >
                2
              </button>
            </td>
            <td
              class="h-9 w-9 text-center text-sm p-0 relative [&:has([aria-selected].day-range-end)]:rounded-r-md [&:has([aria-selected].day-outside)]:bg-accent/50 [&:has([aria-selected])]:bg-accent first:[&:has([aria-selected])]:rounded-l-md last:[&:has([aria-selected])]:rounded-r-md focus-within:relative focus-within:z-20"
              role="presentation"
            >
              <button
                class="rdp-button_reset rdp-button inline-flex items-center justify-center whitespace-nowrap rounded-md text-sm ring-offset-background transition-colors focus-visible:outline-none focus-visible:ring-2 focus-visible:ring-ring focus-visible:ring-offset-2 disabled:pointer-events-none disabled:opacity-50 hover:bg-accent hover:text-accent-foreground h-9 w-9 p-0 font-normal aria-selected:opacity-100"
                name="day"
                role="gridcell"
                tabindex="-1"
                type="button"
              >
                3
              </button>
            </td>
          </tr>
          <tr
            class="flex w-full mt-2"
          >
            <td
              class="h-9 w-9 text-center text-sm p-0 relative [&:has([aria-selected].day-range-end)]:rounded-r-md [&:has([aria-selected].day-outside)]:bg-accent/50 [&:has([aria-selected])]:bg-accent first:[&:has([aria-selected])]:rounded-l-md last:[&:has([aria-selected])]:rounded-r-md focus-within:relative focus-within:z-20"
              role="presentation"
            >
              <button
                class="rdp-button_reset rdp-button inline-flex items-center justify-center whitespace-nowrap rounded-md text-sm ring-offset-background transition-colors focus-visible:outline-none focus-visible:ring-2 focus-visible:ring-ring focus-visible:ring-offset-2 disabled:pointer-events-none disabled:opacity-50 hover:bg-accent hover:text-accent-foreground h-9 w-9 p-0 font-normal aria-selected:opacity-100"
                name="day"
                role="gridcell"
                tabindex="-1"
                type="button"
              >
                4
              </button>
            </td>
            <td
              class="h-9 w-9 text-center text-sm p-0 relative [&:has([aria-selected].day-range-end)]:rounded-r-md [&:has([aria-selected].day-outside)]:bg-accent/50 [&:has([aria-selected])]:bg-accent first:[&:has([aria-selected])]:rounded-l-md last:[&:has([aria-selected])]:rounded-r-md focus-within:relative focus-within:z-20"
              role="presentation"
            >
              <button
                class="rdp-button_reset rdp-button inline-flex items-center justify-center whitespace-nowrap rounded-md text-sm ring-offset-background transition-colors focus-visible:outline-none focus-visible:ring-2 focus-visible:ring-ring focus-visible:ring-offset-2 disabled:pointer-events-none disabled:opacity-50 hover:bg-accent hover:text-accent-foreground h-9 w-9 p-0 font-normal aria-selected:opacity-100"
                name="day"
                role="gridcell"
                tabindex="-1"
                type="button"
              >
                5
              </button>
            </td>
            <td
              class="h-9 w-9 text-center text-sm p-0 relative [&:has([aria-selected].day-range-end)]:rounded-r-md [&:has([aria-selected].day-outside)]:bg-accent/50 [&:has([aria-selected])]:bg-accent first:[&:has([aria-selected])]:rounded-l-md last:[&:has([aria-selected])]:rounded-r-md focus-within:relative focus-within:z-20"
              role="presentation"
            >
              <button
                class="rdp-button_reset rdp-button inline-flex items-center justify-center whitespace-nowrap rounded-md text-sm ring-offset-background transition-colors focus-visible:outline-none focus-visible:ring-2 focus-visible:ring-ring focus-visible:ring-offset-2 disabled:pointer-events-none disabled:opacity-50 hover:bg-accent hover:text-accent-foreground h-9 w-9 p-0 font-normal aria-selected:opacity-100"
                name="day"
                role="gridcell"
                tabindex="-1"
                type="button"
              >
                6
              </button>
            </td>
            <td
              class="h-9 w-9 text-center text-sm p-0 relative [&:has([aria-selected].day-range-end)]:rounded-r-md [&:has([aria-selected].day-outside)]:bg-accent/50 [&:has([aria-selected])]:bg-accent first:[&:has([aria-selected])]:rounded-l-md last:[&:has([aria-selected])]:rounded-r-md focus-within:relative focus-within:z-20"
              role="presentation"
            >
              <button
                class="rdp-button_reset rdp-button inline-flex items-center justify-center whitespace-nowrap rounded-md text-sm ring-offset-background transition-colors focus-visible:outline-none focus-visible:ring-2 focus-visible:ring-ring focus-visible:ring-offset-2 disabled:pointer-events-none disabled:opacity-50 hover:bg-accent hover:text-accent-foreground h-9 w-9 p-0 font-normal aria-selected:opacity-100"
                name="day"
                role="gridcell"
                tabindex="-1"
                type="button"
              >
                7
              </button>
            </td>
            <td
              class="h-9 w-9 text-center text-sm p-0 relative [&:has([aria-selected].day-range-end)]:rounded-r-md [&:has([aria-selected].day-outside)]:bg-accent/50 [&:has([aria-selected])]:bg-accent first:[&:has([aria-selected])]:rounded-l-md last:[&:has([aria-selected])]:rounded-r-md focus-within:relative focus-within:z-20"
              role="presentation"
            >
              <button
                class="rdp-button_reset rdp-button inline-flex items-center justify-center whitespace-nowrap rounded-md text-sm ring-offset-background transition-colors focus-visible:outline-none focus-visible:ring-2 focus-visible:ring-ring focus-visible:ring-offset-2 disabled:pointer-events-none disabled:opacity-50 hover:bg-accent hover:text-accent-foreground h-9 w-9 p-0 font-normal aria-selected:opacity-100"
                name="day"
                role="gridcell"
                tabindex="-1"
                type="button"
              >
                8
              </button>
            </td>
            <td
              class="h-9 w-9 text-center text-sm p-0 relative [&:has([aria-selected].day-range-end)]:rounded-r-md [&:has([aria-selected].day-outside)]:bg-accent/50 [&:has([aria-selected])]:bg-accent first:[&:has([aria-selected])]:rounded-l-md last:[&:has([aria-selected])]:rounded-r-md focus-within:relative focus-within:z-20"
              role="presentation"
            >
              <button
                class="rdp-button_reset rdp-button inline-flex items-center justify-center whitespace-nowrap rounded-md text-sm ring-offset-background transition-colors focus-visible:outline-none focus-visible:ring-2 focus-visible:ring-ring focus-visible:ring-offset-2 disabled:pointer-events-none disabled:opacity-50 hover:bg-accent hover:text-accent-foreground h-9 w-9 p-0 font-normal aria-selected:opacity-100"
                name="day"
                role="gridcell"
                tabindex="-1"
                type="button"
              >
                9
              </button>
            </td>
            <td
              class="h-9 w-9 text-center text-sm p-0 relative [&:has([aria-selected].day-range-end)]:rounded-r-md [&:has([aria-selected].day-outside)]:bg-accent/50 [&:has([aria-selected])]:bg-accent first:[&:has([aria-selected])]:rounded-l-md last:[&:has([aria-selected])]:rounded-r-md focus-within:relative focus-within:z-20"
              role="presentation"
            >
              <button
                class="rdp-button_reset rdp-button inline-flex items-center justify-center whitespace-nowrap rounded-md text-sm ring-offset-background transition-colors focus-visible:outline-none focus-visible:ring-2 focus-visible:ring-ring focus-visible:ring-offset-2 disabled:pointer-events-none disabled:opacity-50 hover:bg-accent hover:text-accent-foreground h-9 w-9 p-0 font-normal aria-selected:opacity-100"
                name="day"
                role="gridcell"
                tabindex="-1"
                type="button"
              >
                10
              </button>
            </td>
          </tr>
          <tr
            class="flex w-full mt-2"
          >
            <td
              class="h-9 w-9 text-center text-sm p-0 relative [&:has([aria-selected].day-range-end)]:rounded-r-md [&:has([aria-selected].day-outside)]:bg-accent/50 [&:has([aria-selected])]:bg-accent first:[&:has([aria-selected])]:rounded-l-md last:[&:has([aria-selected])]:rounded-r-md focus-within:relative focus-within:z-20"
              role="presentation"
            >
              <button
                class="rdp-button_reset rdp-button inline-flex items-center justify-center whitespace-nowrap rounded-md text-sm ring-offset-background transition-colors focus-visible:outline-none focus-visible:ring-2 focus-visible:ring-ring focus-visible:ring-offset-2 disabled:pointer-events-none disabled:opacity-50 hover:bg-accent hover:text-accent-foreground h-9 w-9 p-0 font-normal aria-selected:opacity-100"
                name="day"
                role="gridcell"
                tabindex="-1"
                type="button"
              >
                11
              </button>
            </td>
            <td
              class="h-9 w-9 text-center text-sm p-0 relative [&:has([aria-selected].day-range-end)]:rounded-r-md [&:has([aria-selected].day-outside)]:bg-accent/50 [&:has([aria-selected])]:bg-accent first:[&:has([aria-selected])]:rounded-l-md last:[&:has([aria-selected])]:rounded-r-md focus-within:relative focus-within:z-20"
              role="presentation"
            >
              <button
                class="rdp-button_reset rdp-button inline-flex items-center justify-center whitespace-nowrap rounded-md text-sm ring-offset-background transition-colors focus-visible:outline-none focus-visible:ring-2 focus-visible:ring-ring focus-visible:ring-offset-2 disabled:pointer-events-none disabled:opacity-50 hover:bg-accent hover:text-accent-foreground h-9 w-9 p-0 font-normal aria-selected:opacity-100"
                name="day"
                role="gridcell"
                tabindex="-1"
                type="button"
              >
                12
              </button>
            </td>
            <td
              class="h-9 w-9 text-center text-sm p-0 relative [&:has([aria-selected].day-range-end)]:rounded-r-md [&:has([aria-selected].day-outside)]:bg-accent/50 [&:has([aria-selected])]:bg-accent first:[&:has([aria-selected])]:rounded-l-md last:[&:has([aria-selected])]:rounded-r-md focus-within:relative focus-within:z-20"
              role="presentation"
            >
              <button
                class="rdp-button_reset rdp-button inline-flex items-center justify-center whitespace-nowrap rounded-md text-sm ring-offset-background transition-colors focus-visible:outline-none focus-visible:ring-2 focus-visible:ring-ring focus-visible:ring-offset-2 disabled:pointer-events-none disabled:opacity-50 hover:bg-accent hover:text-accent-foreground h-9 w-9 p-0 font-normal aria-selected:opacity-100"
                name="day"
                role="gridcell"
                tabindex="-1"
                type="button"
              >
                13
              </button>
            </td>
            <td
              class="h-9 w-9 text-center text-sm p-0 relative [&:has([aria-selected].day-range-end)]:rounded-r-md [&:has([aria-selected].day-outside)]:bg-accent/50 [&:has([aria-selected])]:bg-accent first:[&:has([aria-selected])]:rounded-l-md last:[&:has([aria-selected])]:rounded-r-md focus-within:relative focus-within:z-20"
              role="presentation"
            >
              <button
                class="rdp-button_reset rdp-button inline-flex items-center justify-center whitespace-nowrap rounded-md text-sm ring-offset-background transition-colors focus-visible:outline-none focus-visible:ring-2 focus-visible:ring-ring focus-visible:ring-offset-2 disabled:pointer-events-none disabled:opacity-50 hover:bg-accent hover:text-accent-foreground h-9 w-9 p-0 font-normal aria-selected:opacity-100"
                name="day"
                role="gridcell"
                tabindex="-1"
                type="button"
              >
                14
              </button>
            </td>
            <td
              class="h-9 w-9 text-center text-sm p-0 relative [&:has([aria-selected].day-range-end)]:rounded-r-md [&:has([aria-selected].day-outside)]:bg-accent/50 [&:has([aria-selected])]:bg-accent first:[&:has([aria-selected])]:rounded-l-md last:[&:has([aria-selected])]:rounded-r-md focus-within:relative focus-within:z-20"
              role="presentation"
            >
              <button
                class="rdp-button_reset rdp-button inline-flex items-center justify-center whitespace-nowrap rounded-md text-sm ring-offset-background transition-colors focus-visible:outline-none focus-visible:ring-2 focus-visible:ring-ring focus-visible:ring-offset-2 disabled:pointer-events-none disabled:opacity-50 hover:bg-accent hover:text-accent-foreground h-9 w-9 p-0 font-normal aria-selected:opacity-100"
                name="day"
                role="gridcell"
                tabindex="-1"
                type="button"
              >
                15
              </button>
            </td>
            <td
              class="h-9 w-9 text-center text-sm p-0 relative [&:has([aria-selected].day-range-end)]:rounded-r-md [&:has([aria-selected].day-outside)]:bg-accent/50 [&:has([aria-selected])]:bg-accent first:[&:has([aria-selected])]:rounded-l-md last:[&:has([aria-selected])]:rounded-r-md focus-within:relative focus-within:z-20"
              role="presentation"
            >
              <button
                class="rdp-button_reset rdp-button inline-flex items-center justify-center whitespace-nowrap rounded-md text-sm ring-offset-background transition-colors focus-visible:outline-none focus-visible:ring-2 focus-visible:ring-ring focus-visible:ring-offset-2 disabled:pointer-events-none disabled:opacity-50 hover:bg-accent hover:text-accent-foreground h-9 w-9 p-0 font-normal aria-selected:opacity-100"
                name="day"
                role="gridcell"
                tabindex="-1"
                type="button"
              >
                16
              </button>
            </td>
            <td
              class="h-9 w-9 text-center text-sm p-0 relative [&:has([aria-selected].day-range-end)]:rounded-r-md [&:has([aria-selected].day-outside)]:bg-accent/50 [&:has([aria-selected])]:bg-accent first:[&:has([aria-selected])]:rounded-l-md last:[&:has([aria-selected])]:rounded-r-md focus-within:relative focus-within:z-20"
              role="presentation"
            >
              <button
                aria-selected="true"
                class="rdp-button_reset rdp-button inline-flex items-center justify-center whitespace-nowrap rounded-md text-sm ring-offset-background transition-colors focus-visible:outline-none focus-visible:ring-2 focus-visible:ring-ring focus-visible:ring-offset-2 disabled:pointer-events-none disabled:opacity-50 hover:bg-accent hover:text-accent-foreground h-9 w-9 p-0 font-normal aria-selected:opacity-100 bg-primary text-primary-foreground hover:bg-primary hover:text-primary-foreground focus:bg-primary focus:text-primary-foreground bg-accent text-accent-foreground"
                name="day"
                role="gridcell"
                tabindex="0"
                type="button"
              >
                17
              </button>
            </td>
          </tr>
          <tr
            class="flex w-full mt-2"
          >
            <td
              class="h-9 w-9 text-center text-sm p-0 relative [&:has([aria-selected].day-range-end)]:rounded-r-md [&:has([aria-selected].day-outside)]:bg-accent/50 [&:has([aria-selected])]:bg-accent first:[&:has([aria-selected])]:rounded-l-md last:[&:has([aria-selected])]:rounded-r-md focus-within:relative focus-within:z-20"
              role="presentation"
            >
              <button
                class="rdp-button_reset rdp-button inline-flex items-center justify-center whitespace-nowrap rounded-md text-sm ring-offset-background transition-colors focus-visible:outline-none focus-visible:ring-2 focus-visible:ring-ring focus-visible:ring-offset-2 disabled:pointer-events-none disabled:opacity-50 hover:bg-accent hover:text-accent-foreground h-9 w-9 p-0 font-normal aria-selected:opacity-100 text-muted-foreground opacity-50"
                disabled=""
                name="day"
                role="gridcell"
                tabindex="-1"
                type="button"
              >
                18
              </button>
            </td>
            <td
              class="h-9 w-9 text-center text-sm p-0 relative [&:has([aria-selected].day-range-end)]:rounded-r-md [&:has([aria-selected].day-outside)]:bg-accent/50 [&:has([aria-selected])]:bg-accent first:[&:has([aria-selected])]:rounded-l-md last:[&:has([aria-selected])]:rounded-r-md focus-within:relative focus-within:z-20"
              role="presentation"
            >
              <button
                class="rdp-button_reset rdp-button inline-flex items-center justify-center whitespace-nowrap rounded-md text-sm ring-offset-background transition-colors focus-visible:outline-none focus-visible:ring-2 focus-visible:ring-ring focus-visible:ring-offset-2 disabled:pointer-events-none disabled:opacity-50 hover:bg-accent hover:text-accent-foreground h-9 w-9 p-0 font-normal aria-selected:opacity-100 text-muted-foreground opacity-50"
                disabled=""
                name="day"
                role="gridcell"
                tabindex="-1"
                type="button"
              >
                19
              </button>
            </td>
            <td
              class="h-9 w-9 text-center text-sm p-0 relative [&:has([aria-selected].day-range-end)]:rounded-r-md [&:has([aria-selected].day-outside)]:bg-accent/50 [&:has([aria-selected])]:bg-accent first:[&:has([aria-selected])]:rounded-l-md last:[&:has([aria-selected])]:rounded-r-md focus-within:relative focus-within:z-20"
              role="presentation"
            >
              <button
                class="rdp-button_reset rdp-button inline-flex items-center justify-center whitespace-nowrap rounded-md text-sm ring-offset-background transition-colors focus-visible:outline-none focus-visible:ring-2 focus-visible:ring-ring focus-visible:ring-offset-2 disabled:pointer-events-none disabled:opacity-50 hover:bg-accent hover:text-accent-foreground h-9 w-9 p-0 font-normal aria-selected:opacity-100 text-muted-foreground opacity-50"
                disabled=""
                name="day"
                role="gridcell"
                tabindex="-1"
                type="button"
              >
                20
              </button>
            </td>
            <td
              class="h-9 w-9 text-center text-sm p-0 relative [&:has([aria-selected].day-range-end)]:rounded-r-md [&:has([aria-selected].day-outside)]:bg-accent/50 [&:has([aria-selected])]:bg-accent first:[&:has([aria-selected])]:rounded-l-md last:[&:has([aria-selected])]:rounded-r-md focus-within:relative focus-within:z-20"
              role="presentation"
            >
              <button
                class="rdp-button_reset rdp-button inline-flex items-center justify-center whitespace-nowrap rounded-md text-sm ring-offset-background transition-colors focus-visible:outline-none focus-visible:ring-2 focus-visible:ring-ring focus-visible:ring-offset-2 disabled:pointer-events-none disabled:opacity-50 hover:bg-accent hover:text-accent-foreground h-9 w-9 p-0 font-normal aria-selected:opacity-100 text-muted-foreground opacity-50"
                disabled=""
                name="day"
                role="gridcell"
                tabindex="-1"
                type="button"
              >
                21
              </button>
            </td>
            <td
              class="h-9 w-9 text-center text-sm p-0 relative [&:has([aria-selected].day-range-end)]:rounded-r-md [&:has([aria-selected].day-outside)]:bg-accent/50 [&:has([aria-selected])]:bg-accent first:[&:has([aria-selected])]:rounded-l-md last:[&:has([aria-selected])]:rounded-r-md focus-within:relative focus-within:z-20"
              role="presentation"
            >
              <button
                class="rdp-button_reset rdp-button inline-flex items-center justify-center whitespace-nowrap rounded-md text-sm ring-offset-background transition-colors focus-visible:outline-none focus-visible:ring-2 focus-visible:ring-ring focus-visible:ring-offset-2 disabled:pointer-events-none disabled:opacity-50 hover:bg-accent hover:text-accent-foreground h-9 w-9 p-0 font-normal aria-selected:opacity-100 text-muted-foreground opacity-50"
                disabled=""
                name="day"
                role="gridcell"
                tabindex="-1"
                type="button"
              >
                22
              </button>
            </td>
            <td
              class="h-9 w-9 text-center text-sm p-0 relative [&:has([aria-selected].day-range-end)]:rounded-r-md [&:has([aria-selected].day-outside)]:bg-accent/50 [&:has([aria-selected])]:bg-accent first:[&:has([aria-selected])]:rounded-l-md last:[&:has([aria-selected])]:rounded-r-md focus-within:relative focus-within:z-20"
              role="presentation"
            >
              <button
                class="rdp-button_reset rdp-button inline-flex items-center justify-center whitespace-nowrap rounded-md text-sm ring-offset-background transition-colors focus-visible:outline-none focus-visible:ring-2 focus-visible:ring-ring focus-visible:ring-offset-2 disabled:pointer-events-none disabled:opacity-50 hover:bg-accent hover:text-accent-foreground h-9 w-9 p-0 font-normal aria-selected:opacity-100 text-muted-foreground opacity-50"
                disabled=""
                name="day"
                role="gridcell"
                tabindex="-1"
                type="button"
              >
                23
              </button>
            </td>
            <td
              class="h-9 w-9 text-center text-sm p-0 relative [&:has([aria-selected].day-range-end)]:rounded-r-md [&:has([aria-selected].day-outside)]:bg-accent/50 [&:has([aria-selected])]:bg-accent first:[&:has([aria-selected])]:rounded-l-md last:[&:has([aria-selected])]:rounded-r-md focus-within:relative focus-within:z-20"
              role="presentation"
            >
              <button
                class="rdp-button_reset rdp-button inline-flex items-center justify-center whitespace-nowrap rounded-md text-sm ring-offset-background transition-colors focus-visible:outline-none focus-visible:ring-2 focus-visible:ring-ring focus-visible:ring-offset-2 disabled:pointer-events-none disabled:opacity-50 hover:bg-accent hover:text-accent-foreground h-9 w-9 p-0 font-normal aria-selected:opacity-100 text-muted-foreground opacity-50"
                disabled=""
                name="day"
                role="gridcell"
                tabindex="-1"
                type="button"
              >
                24
              </button>
            </td>
          </tr>
          <tr
            class="flex w-full mt-2"
          >
            <td
              class="h-9 w-9 text-center text-sm p-0 relative [&:has([aria-selected].day-range-end)]:rounded-r-md [&:has([aria-selected].day-outside)]:bg-accent/50 [&:has([aria-selected])]:bg-accent first:[&:has([aria-selected])]:rounded-l-md last:[&:has([aria-selected])]:rounded-r-md focus-within:relative focus-within:z-20"
              role="presentation"
            >
              <button
                class="rdp-button_reset rdp-button inline-flex items-center justify-center whitespace-nowrap rounded-md text-sm ring-offset-background transition-colors focus-visible:outline-none focus-visible:ring-2 focus-visible:ring-ring focus-visible:ring-offset-2 disabled:pointer-events-none disabled:opacity-50 hover:bg-accent hover:text-accent-foreground h-9 w-9 p-0 font-normal aria-selected:opacity-100 text-muted-foreground opacity-50"
                disabled=""
                name="day"
                role="gridcell"
                tabindex="-1"
                type="button"
              >
                25
              </button>
            </td>
            <td
              class="h-9 w-9 text-center text-sm p-0 relative [&:has([aria-selected].day-range-end)]:rounded-r-md [&:has([aria-selected].day-outside)]:bg-accent/50 [&:has([aria-selected])]:bg-accent first:[&:has([aria-selected])]:rounded-l-md last:[&:has([aria-selected])]:rounded-r-md focus-within:relative focus-within:z-20"
              role="presentation"
            >
              <button
                class="rdp-button_reset rdp-button inline-flex items-center justify-center whitespace-nowrap rounded-md text-sm ring-offset-background transition-colors focus-visible:outline-none focus-visible:ring-2 focus-visible:ring-ring focus-visible:ring-offset-2 disabled:pointer-events-none disabled:opacity-50 hover:bg-accent hover:text-accent-foreground h-9 w-9 p-0 font-normal aria-selected:opacity-100 text-muted-foreground opacity-50"
                disabled=""
                name="day"
                role="gridcell"
                tabindex="-1"
                type="button"
              >
                26
              </button>
            </td>
            <td
              class="h-9 w-9 text-center text-sm p-0 relative [&:has([aria-selected].day-range-end)]:rounded-r-md [&:has([aria-selected].day-outside)]:bg-accent/50 [&:has([aria-selected])]:bg-accent first:[&:has([aria-selected])]:rounded-l-md last:[&:has([aria-selected])]:rounded-r-md focus-within:relative focus-within:z-20"
              role="presentation"
            >
              <button
                class="rdp-button_reset rdp-button inline-flex items-center justify-center whitespace-nowrap rounded-md text-sm ring-offset-background transition-colors focus-visible:outline-none focus-visible:ring-2 focus-visible:ring-ring focus-visible:ring-offset-2 disabled:pointer-events-none disabled:opacity-50 hover:bg-accent hover:text-accent-foreground h-9 w-9 p-0 font-normal aria-selected:opacity-100 text-muted-foreground opacity-50"
                disabled=""
                name="day"
                role="gridcell"
                tabindex="-1"
                type="button"
              >
                27
              </button>
            </td>
            <td
              class="h-9 w-9 text-center text-sm p-0 relative [&:has([aria-selected].day-range-end)]:rounded-r-md [&:has([aria-selected].day-outside)]:bg-accent/50 [&:has([aria-selected])]:bg-accent first:[&:has([aria-selected])]:rounded-l-md last:[&:has([aria-selected])]:rounded-r-md focus-within:relative focus-within:z-20"
              role="presentation"
            >
              <button
                class="rdp-button_reset rdp-button inline-flex items-center justify-center whitespace-nowrap rounded-md text-sm ring-offset-background transition-colors focus-visible:outline-none focus-visible:ring-2 focus-visible:ring-ring focus-visible:ring-offset-2 disabled:pointer-events-none disabled:opacity-50 hover:bg-accent hover:text-accent-foreground h-9 w-9 p-0 font-normal aria-selected:opacity-100 text-muted-foreground opacity-50"
                disabled=""
                name="day"
                role="gridcell"
                tabindex="-1"
                type="button"
              >
                28
              </button>
            </td>
            <td
              class="h-9 w-9 text-center text-sm p-0 relative [&:has([aria-selected].day-range-end)]:rounded-r-md [&:has([aria-selected].day-outside)]:bg-accent/50 [&:has([aria-selected])]:bg-accent first:[&:has([aria-selected])]:rounded-l-md last:[&:has([aria-selected])]:rounded-r-md focus-within:relative focus-within:z-20"
              role="presentation"
            >
              <button
                class="rdp-button_reset rdp-button inline-flex items-center justify-center whitespace-nowrap rounded-md text-sm ring-offset-background transition-colors focus-visible:outline-none focus-visible:ring-2 focus-visible:ring-ring focus-visible:ring-offset-2 disabled:pointer-events-none disabled:opacity-50 hover:bg-accent hover:text-accent-foreground h-9 w-9 p-0 font-normal aria-selected:opacity-100 text-muted-foreground opacity-50"
                disabled=""
                name="day"
                role="gridcell"
                tabindex="-1"
                type="button"
              >
                29
              </button>
            </td>
            <td
              class="h-9 w-9 text-center text-sm p-0 relative [&:has([aria-selected].day-range-end)]:rounded-r-md [&:has([aria-selected].day-outside)]:bg-accent/50 [&:has([aria-selected])]:bg-accent first:[&:has([aria-selected])]:rounded-l-md last:[&:has([aria-selected])]:rounded-r-md focus-within:relative focus-within:z-20"
              role="presentation"
            >
              <button
                class="rdp-button_reset rdp-button inline-flex items-center justify-center whitespace-nowrap rounded-md text-sm ring-offset-background transition-colors focus-visible:outline-none focus-visible:ring-2 focus-visible:ring-ring focus-visible:ring-offset-2 disabled:pointer-events-none disabled:opacity-50 hover:bg-accent hover:text-accent-foreground h-9 w-9 p-0 font-normal aria-selected:opacity-100 text-muted-foreground opacity-50"
                disabled=""
                name="day"
                role="gridcell"
                tabindex="-1"
                type="button"
              >
                30
              </button>
            </td>
            <td
              class="h-9 w-9 text-center text-sm p-0 relative [&:has([aria-selected].day-range-end)]:rounded-r-md [&:has([aria-selected].day-outside)]:bg-accent/50 [&:has([aria-selected])]:bg-accent first:[&:has([aria-selected])]:rounded-l-md last:[&:has([aria-selected])]:rounded-r-md focus-within:relative focus-within:z-20"
              role="presentation"
            >
              <button
                class="rdp-button_reset rdp-button inline-flex items-center justify-center whitespace-nowrap rounded-md text-sm ring-offset-background transition-colors focus-visible:outline-none focus-visible:ring-2 focus-visible:ring-ring focus-visible:ring-offset-2 disabled:pointer-events-none disabled:opacity-50 hover:bg-accent hover:text-accent-foreground h-9 w-9 p-0 font-normal aria-selected:opacity-100 text-muted-foreground opacity-50"
                disabled=""
                name="day"
                role="gridcell"
                tabindex="-1"
                type="button"
              >
                31
              </button>
            </td>
          </tr>
        </tbody>
      </table>
    </div>
  </div>
</div>
`;
